
> aula-1@1.0.0 start
> node server/app.js

node:internal/modules/cjs/loader:1215
  throw err;
  ^

Error: Cannot find module 'C:\Users\gabri\OneDrive\Área de Trabalho\oi\Sistemas da Informação\Desenvolvimento Web\Aula_1\server\server\app.js'
    at Module._resolveFilename (node:internal/modules/cjs/loader:1212:15)
    at Module._load (node:internal/modules/cjs/loader:1043:27)
    at Function.executeUserEntryPoint [as runMain] (node:internal/modules/run_main:164:12)
    at node:internal/main/run_main_module:28:49 {
  code: 'MODULE_NOT_FOUND',
  requireStack: []
}

Node.js v20.19.2
